---
source: src/parser/coreth/native.rs
expression: reduced
input_file: src/parser/coreth/eth_testvectors/eip2930_simple_transfer.json
---
[
    "Chain ID": "2",
    "Transfer": "AVAX 0.081985529216486895",
    "To": "0xcccccccccccccccccccccccccccccccccccccccc",
    "Fee(GWEI)": "9.64",
]
