---
source: app/src/parser/transactions.rs
expression: reduced
input_file: app/src/parser/testvectors/p_import_from_c.json
---
[
    "ImportTx": "Importing in C-Chain",
    "Amount": "27473249",
    "To": "0x8db97c7cece249c2b98bdc0226cc4c2a57bf52fc",
    "From ": "P Chain",
    "Fee": "2526750",
]
